// Jest Snapshot v1, https://goo.gl/fbAQLP

exports[`button plus list 1`] = `ShallowWrapper {}`;
