// Jest Snapshot v1, https://goo.gl/fbAQLP

exports[`button plus list 1`] = `
<div
  className="movie-card__reviews movie-card__row"
>
  <div
    className="movie-card__reviews-col"
  >
    <div
      className="review"
    >
      <blockquote
        className="review__quote"
      >
        <p
          className="review__text"
        >
          It was well acted, directed.
        </p>
        <footer
          className="review__details"
        >
          <cite
            className="review__author"
          >
            Christina
          </cite>
          <time
            className="review__date"
            dateTime="2016-12-24"
          >
            August 5, 2020
          </time>
        </footer>
      </blockquote>
      <div
        className="review__rating"
      >
        3.9
      </div>
    </div>
    <div
      className="review"
    >
      <blockquote
        className="review__quote"
      >
        <p
          className="review__text"
        >
          I really find it difficult to believe this movie
        </p>
        <footer
          className="review__details"
        >
          <cite
            className="review__author"
          >
            Corey
          </cite>
          <time
            className="review__date"
            dateTime="2016-12-24"
          >
            August 8, 2020
          </time>
        </footer>
      </blockquote>
      <div
        className="review__rating"
      >
        7
      </div>
    </div>
    <div
      className="review"
    >
      <blockquote
        className="review__quote"
      >
        <p
          className="review__text"
        >
          Poised to be an instant classic
        </p>
        <footer
          className="review__details"
        >
          <cite
            className="review__author"
          >
            Corey
          </cite>
          <time
            className="review__date"
            dateTime="2016-12-24"
          >
            August 6, 2020
          </time>
        </footer>
      </blockquote>
      <div
        className="review__rating"
      >
        7.5
      </div>
    </div>
  </div>
</div>
`;
