// Jest Snapshot v1, https://goo.gl/fbAQLP

exports[`button plus list 1`] = `
<div
  className="user-page"
>
  <header
    className="page-header user-page__head"
  >
    <div
      className="logo"
    >
      <a
        className="logo__link"
        href="/"
        onClick={[Function]}
      >
        <span
          className="logo__letter logo__letter--1"
        >
          W
        </span>
        <span
          className="logo__letter logo__letter--2"
        >
          T
        </span>
        <span
          className="logo__letter logo__letter--3"
        >
          W
        </span>
      </a>
    </div>
    <h1
      className="page-title user-page__title"
    >
      My list
    </h1>
    <div
      className="user-block"
    >
      <div
        className="user-block__avatar"
      >
        <img
          alt="User avatar"
          height="63"
          src="img/avatar.jpg"
          width="63"
        />
      </div>
    </div>
  </header>
  <section
    className="catalog"
  >
    <h2
      className="catalog__title visually-hidden"
    >
      Catalog
    </h2>
    <div
      className="catalog__movies-list"
    >
      <article
        className="small-movie-card catalog__movies-card"
        onMouseLeave={[Function]}
        onMouseOver={[Function]}
      >
        <a
          className="small-movie-card__link"
          href="/the-grand-budapest-hotel/overview"
          onClick={[Function]}
        >
          <div
            className="small-movie-card__image"
          >
            <video
              height="175"
              muted={true}
              poster="img/the-grand-budapest-hotel.jpg"
              src="https://some-link"
              style={
                Object {
                  "objectFit": "fill",
                }
              }
              width="280"
            />
          </div>
          <h3
            className="small-movie-card__title"
          >
            The Grand Budapest Hotel
          </h3>
        </a>
      </article>
      <article
        className="small-movie-card catalog__movies-card"
        onMouseLeave={[Function]}
        onMouseOver={[Function]}
      >
        <a
          className="small-movie-card__link"
          href="/the-grand-budapest-hotel/overview"
          onClick={[Function]}
        >
          <div
            className="small-movie-card__image"
          >
            <video
              height="175"
              muted={true}
              poster="img/the-grand-budapest-hotel.jpg"
              src="https://some-link"
              style={
                Object {
                  "objectFit": "fill",
                }
              }
              width="280"
            />
          </div>
          <h3
            className="small-movie-card__title"
          >
            The Grand Budapest Hotel
          </h3>
        </a>
      </article>
      <article
        className="small-movie-card catalog__movies-card"
        onMouseLeave={[Function]}
        onMouseOver={[Function]}
      >
        <a
          className="small-movie-card__link"
          href="/the-grand-budapest-hotel/overview"
          onClick={[Function]}
        >
          <div
            className="small-movie-card__image"
          >
            <video
              height="175"
              muted={true}
              poster="img/the-grand-budapest-hotel.jpg"
              src="https://some-link"
              style={
                Object {
                  "objectFit": "fill",
                }
              }
              width="280"
            />
          </div>
          <h3
            className="small-movie-card__title"
          >
            The Grand Budapest Hotel
          </h3>
        </a>
      </article>
      <article
        className="small-movie-card catalog__movies-card"
        onMouseLeave={[Function]}
        onMouseOver={[Function]}
      >
        <a
          className="small-movie-card__link"
          href="/the-grand-budapest-hotel/overview"
          onClick={[Function]}
        >
          <div
            className="small-movie-card__image"
          >
            <video
              height="175"
              muted={true}
              poster="img/the-grand-budapest-hotel.jpg"
              src="https://some-link"
              style={
                Object {
                  "objectFit": "fill",
                }
              }
              width="280"
            />
          </div>
          <h3
            className="small-movie-card__title"
          >
            The Grand Budapest Hotel
          </h3>
        </a>
      </article>
      <article
        className="small-movie-card catalog__movies-card"
        onMouseLeave={[Function]}
        onMouseOver={[Function]}
      >
        <a
          className="small-movie-card__link"
          href="/the-grand-budapest-hotel/overview"
          onClick={[Function]}
        >
          <div
            className="small-movie-card__image"
          >
            <video
              height="175"
              muted={true}
              poster="img/the-grand-budapest-hotel.jpg"
              src="https://some-link"
              style={
                Object {
                  "objectFit": "fill",
                }
              }
              width="280"
            />
          </div>
          <h3
            className="small-movie-card__title"
          >
            The Grand Budapest Hotel
          </h3>
        </a>
      </article>
    </div>
  </section>
  <footer
    className="page-footer"
  >
    <div
      className="logo"
    >
      <a
        className="logo__link logo__link--light"
        href="/"
        onClick={[Function]}
      >
        <span
          className="logo__letter logo__letter--1"
        >
          W
        </span>
        <span
          className="logo__letter logo__letter--2"
        >
          T
        </span>
        <span
          className="logo__letter logo__letter--3"
        >
          W
        </span>
      </a>
    </div>
    <div
      className="copyright"
    >
      <p>
        Â© 2019 What to watch Ltd.
      </p>
    </div>
  </footer>
</div>
`;
